$ node scripts/voice-release-gate.mjs --fake-only
✔ runs the real fake-suite entry before the retained-evidence audit (1.0052ms)
✔ stops at gate_tests and preserves its failure instead of reporting a release pass (0.1387ms)
✔ stops at fake_calls and preserves its failure instead of reporting a release pass (0.5295ms)
✔ stops at live_evidence and preserves its failure instead of reporting a release pass (0.0802ms)
✔ permits a fake-only developer run without mistaking it for evidence acceptance (0.1291ms)
✔ refuses a process that could not start or did not return an exit status (0.1125ms)
ℹ tests 6
ℹ suites 0
ℹ pass 6
ℹ fail 0
ℹ cancelled 0
ℹ skipped 0
ℹ todo 0
ℹ duration_ms 82.8587

 RUN  v4.1.11 C:/Users/Sid/jarvis-pr40

Using secrets defined in process.env
Using secrets defined in process.env
Using secrets defined in process.env
Using secrets defined in process.env
uncaught exception; source = Uncaught (in promise); stack = CallSessionTerminationError: call_session_termination_uninitialized
    at terminationFailure (C:/Users/Sid/jarvis-pr40/apps/cloud-gateway/src/voice/call-session-do.ts:486:10)
    at CallSession.#terminateOnce (C:/Users/Sid/jarvis-pr40/apps/cloud-gateway/src/voice/call-session-do.ts:1757:40)
    at CallSession.terminate (C:/Users/Sid/jarvis-pr40/apps/cloud-gateway/src/voice/call-session-do.ts:1747:18)
Using secrets defined in process.env
Using secrets defined in process.env
Using secrets defined in process.env
Using secrets defined in process.env
Using secrets defined in process.env
Using secrets defined in process.env
Using secrets defined in process.env
Using secrets defined in process.env
Using secrets defined in process.env
Using secrets defined in process.env
Using secrets defined in process.env
Using secrets defined in process.env
Using secrets defined in process.env
Using secrets defined in process.env
Using secrets defined in process.env
Using secrets defined in process.env
Using secrets defined in process.env
Using secrets defined in process.env
Using secrets defined in process.env
Using secrets defined in process.env
Using secrets defined in process.env
Using secrets defined in process.env
Using secrets defined in process.env
Using secrets defined in process.env
Using secrets defined in process.env
Using secrets defined in process.env
Using secrets defined in process.env
Using secrets defined in process.env
Using secrets defined in process.env
Using secrets defined in process.env

 Test Files  34 passed (34)
      Tests  828 passed (828)
   Start at  01:31:08
   Duration  378.99s (transform 1.43s, setup 0ms, import 10.00s, tests 348.90s, environment 2ms)

