$ node scripts/voice-release-gate.mjs --fake-only
✔ runs the real fake-suite entry before the retained-evidence audit (1.1274ms)
✔ stops at gate_tests and preserves its failure instead of reporting a release pass (0.1187ms)
✔ stops at fake_calls and preserves its failure instead of reporting a release pass (0.5919ms)
✔ stops at live_evidence and preserves its failure instead of reporting a release pass (0.0821ms)
✔ permits a fake-only developer run without mistaking it for evidence acceptance (0.1228ms)
✔ refuses a process that could not start or did not return an exit status (0.1122ms)
ℹ tests 6
ℹ suites 0
ℹ pass 6
ℹ fail 0
ℹ cancelled 0
ℹ skipped 0
ℹ todo 0
ℹ duration_ms 83.7391

 RUN  v4.1.11 C:/Users/Sid/jarvis-pr40

Using secrets defined in process.env
Using secrets defined in process.env
uncaught exception; source = Uncaught (in promise); stack = CallSessionTerminationError: call_session_termination_uninitialized
    at terminationFailure (C:/Users/Sid/jarvis-pr40/apps/cloud-gateway/src/voice/call-session-do.ts:486:10)
    at CallSession.#terminateOnce (C:/Users/Sid/jarvis-pr40/apps/cloud-gateway/src/voice/call-session-do.ts:1785:40)
    at CallSession.terminate (C:/Users/Sid/jarvis-pr40/apps/cloud-gateway/src/voice/call-session-do.ts:1775:18)
Using secrets defined in process.env
Using secrets defined in process.env
Using secrets defined in process.env
Using secrets defined in process.env
Using secrets defined in process.env
Using secrets defined in process.env
Using secrets defined in process.env
Using secrets defined in process.env
Using secrets defined in process.env
Using secrets defined in process.env
Using secrets defined in process.env
Using secrets defined in process.env
Using secrets defined in process.env
Using secrets defined in process.env
Using secrets defined in process.env
Using secrets defined in process.env
Using secrets defined in process.env
Using secrets defined in process.env
Using secrets defined in process.env
Using secrets defined in process.env
Using secrets defined in process.env
Using secrets defined in process.env
Using secrets defined in process.env
Using secrets defined in process.env
Using secrets defined in process.env
Using secrets defined in process.env
Using secrets defined in process.env
Using secrets defined in process.env
Using secrets defined in process.env
Using secrets defined in process.env
Using secrets defined in process.env
Using secrets defined in process.env

 Test Files  34 passed (34)
      Tests  838 passed (838)
   Start at  02:32:55
   Duration  380.51s (transform 2.41s, setup 0ms, import 13.53s, tests 340.88s, environment 1ms)

